* using log directory 'C:/Users/matth/Documents/lgspline/lgspline/lgspline.Rcheck'
* using R version 4.5.1 (2025-06-13 ucrt)
* using platform: x86_64-w64-mingw32
* R was compiled by
    gcc.exe (GCC) 14.2.0
    GNU Fortran (GCC) 14.2.0
* running under: Windows 11 x64 (build 26200)
* using session charset: UTF-8
* using options '--no-manual --as-cran'
* checking for file 'lgspline/DESCRIPTION' ... OK
* checking extension type ... Package
* this is package 'lgspline' version '0.3.0'
* package encoding: UTF-8
* checking CRAN incoming feasibility ... NOTE
Maintainer: 'Matthew Davis <matthewlouisdavis@gmail.com>'

Found the following (possibly) invalid URLs:
  URL: https://github.com/matthewlouisdavisBioStat/lgspline
    From: DESCRIPTION
          man/lgspline-package.Rd
    Status: Error
    Message: libcurl error code 7:
      	Failed to connect to github.com port 443 after 54 ms: Could not connect to server
  URL: https://github.com/matthewlouisdavisBioStat/lgspline/issues
    From: DESCRIPTION
          man/lgspline-package.Rd
    Status: Error
    Message: libcurl error code 7:
      	Failed to connect to github.com port 443 after 3 ms: Could not connect to server
  URL: https://orcid.org/0000-0001-9714-1018
    From: man/lgspline-package.Rd
    Status: Error
    Message: libcurl error code 7:
      	Failed to connect to orcid.org port 443 after 43 ms: Could not connect to server
* checking package namespace information ... OK
* checking package dependencies ... ERROR
Packages required but not available:
  'Rcpp', 'RcppArmadillo', 'FNN', 'RColorBrewer', 'plotly', 'quadprog'

Packages suggested but not available:
  'testthat', 'spelling', 'knitr', 'rmarkdown'

Package in Depends/Imports which should probably only be in LinkingTo: 'RcppArmadillo'

The suggested packages are required for a complete check.
Checking can be attempted without them by setting the environment
variable _R_CHECK_FORCE_SUGGESTS_ to a false value.

See section 'The DESCRIPTION file' in the 'Writing R Extensions'
manual.
* DONE
Status: 1 ERROR, 1 NOTE
